error: borrow instead of cloning: this operator is implemented for references
  --> $DIR/clone_with_ref_variant.rs:11:13
   |
LL |     let _ = x.clone() + &y;
   |             ^^^^^^^^^^^^^^
   |
   = note: `#[deny(clone_with_ref_variant)]` on by default

error: borrow instead of cloning: this operator is implemented for references
  --> $DIR/clone_with_ref_variant.rs:12:13
   |
LL |     let _ = &x + y.clone();
   |             ^^^^^^^^^^^^^^

error: borrow instead of cloning: this operator is implemented for references
  --> $DIR/clone_with_ref_variant.rs:16:5
   |
LL |     m += y.clone();
   |     ^^^^^^^^^^^^^^

error: avoid cloning the receiver: use `exp_prec_ref` on a reference instead
  --> $DIR/clone_with_ref_variant.rs:22:13
   |
LL |     let _ = f.clone().exp_prec(p);
   |             ^^^^^^^^^^^^^^^^^^^^^

error: avoid cloning the argument: use `add_prec_ref_ref` with a reference instead
  --> $DIR/clone_with_ref_variant.rs:24:13
   |
LL |     let _ = (&f).add_prec_ref_val(g.clone(), p);
   |             ^^^^^^^^^^^^^^^^^^^^^^^^^^^^^^^^^^^

error: avoid cloning the argument: use `from_sign_and_abs_ref` with a reference instead
  --> $DIR/clone_with_ref_variant.rs:27:13
   |
LL |     let _ = Integer::from_sign_and_abs(true, x.clone());
   |             ^^^^^^^^^^^^^^^^^^^^^^^^^^^^^^^^^^^^^^^^^^^

error: avoid cloning the argument: use `from_naturals_ref` with a reference instead
  --> $DIR/clone_with_ref_variant.rs:28:13
   |
LL |     let _ = Rational::from_naturals(x.clone(), y.clone());
   |             ^^^^^^^^^^^^^^^^^^^^^^^^^^^^^^^^^^^^^^^^^^^^^

error: aborting due to 7 previous errors

