error: `Natural` is named by its full path
  --> $DIR/fully_qualified_path.rs:16:13
   |
LL |     let _ = malachite_nz::natural::Natural::from(k);
   |             ^^^^^^^^^^^^^^^^^^^^^^^^^^^^^^
   |
   = help: import it with `use` and refer to it as `Natural`
   = note: `#[deny(fully_qualified_path)]` on by default

error: `Integer` is named by its full path
  --> $DIR/fully_qualified_path.rs:17:45
   |
LL |     let _: malachite_nz::integer::Integer = malachite_nz::integer::Integer::from(k);
   |                                             ^^^^^^^^^^^^^^^^^^^^^^^^^^^^^^
   |
   = help: import it with `use` and refer to it as `Integer`

error: `Integer` is named by its full path
  --> $DIR/fully_qualified_path.rs:17:12
   |
LL |     let _: malachite_nz::integer::Integer = malachite_nz::integer::Integer::from(k);
   |            ^^^^^^^^^^^^^^^^^^^^^^^^^^^^^^
   |
   = help: import it with `use` and refer to it as `Integer`

error: `Mod` is named by its full path
  --> $DIR/fully_qualified_path.rs:18:13
   |
LL |     let _ = malachite_base::num::arithmetic::traits::Mod::mod_op(5u32, k);
   |             ^^^^^^^^^^^^^^^^^^^^^^^^^^^^^^^^^^^^^^^^^^^^^^^^^^^^
   |
   = help: import it with `use` and refer to it as `Mod`

error: `Rational` is named by its full path
  --> $DIR/fully_qualified_path.rs:19:13
   |
LL |     let _ = malachite_q::Rational::from(k);
   |             ^^^^^^^^^^^^^^^^^^^^^
   |
   = help: import it with `use` and refer to it as `Rational`

error: aborting due to 5 previous errors

