error: compare tuples instead of spelling out a lexicographic comparison of 2 elements
  --> $DIR/manual_lexicographic_cmp.rs:19:13
   |
LL |     let _ = a1 < b1 || a1 == b1 && a0 < b0;
   |             ^^^^^^^^^^^^^^^^^^^^^^^^^^^^^^
   |
   = help: `(a1, a0) < (b1, b0)` is the same comparison
   = note: `#[deny(manual_lexicographic_cmp)]` on by default

error: compare tuples instead of spelling out a lexicographic comparison of 2 elements
  --> $DIR/manual_lexicographic_cmp.rs:20:13
   |
LL |     let _ = a1 < b1 || a1 == b1 && a0 <= b0;
   |             ^^^^^^^^^^^^^^^^^^^^^^^^^^^^^^^
   |
   = help: `(a1, a0) <= (b1, b0)` is the same comparison

error: compare tuples instead of spelling out a lexicographic comparison of 2 elements
  --> $DIR/manual_lexicographic_cmp.rs:21:13
   |
LL |     let _ = a1 > b1 || a1 == b1 && a0 > b0;
   |             ^^^^^^^^^^^^^^^^^^^^^^^^^^^^^^
   |
   = help: `(a1, a0) > (b1, b0)` is the same comparison

error: compare tuples instead of spelling out a lexicographic comparison of 2 elements
  --> $DIR/manual_lexicographic_cmp.rs:22:13
   |
LL |     let _ = a1 > b1 || a1 == b1 && a0 >= b0;
   |             ^^^^^^^^^^^^^^^^^^^^^^^^^^^^^^^
   |
   = help: `(a1, a0) >= (b1, b0)` is the same comparison

error: compare tuples instead of spelling out a lexicographic comparison of 2 elements
  --> $DIR/manual_lexicographic_cmp.rs:24:13
   |
LL |     let _ = a1 < b1 || (a1 == b1 && a0 < b0);
   |             ^^^^^^^^^^^^^^^^^^^^^^^^^^^^^^^^
   |
   = help: `(a1, a0) < (b1, b0)` is the same comparison

error: compare tuples instead of spelling out a lexicographic comparison of 2 elements
  --> $DIR/manual_lexicographic_cmp.rs:26:13
   |
LL |     let _ = a1 < b1 || b1 == a1 && a0 < b0;
   |             ^^^^^^^^^^^^^^^^^^^^^^^^^^^^^^
   |
   = help: `(a1, a0) < (b1, b0)` is the same comparison

error: compare tuples instead of spelling out a lexicographic comparison of 3 elements
  --> $DIR/manual_lexicographic_cmp.rs:28:13
   |
LL |     let _ = a1 < b1 || a1 == b1 && (a0 < b0 || a0 == b0 && a2 < b2);
   |             ^^^^^^^^^^^^^^^^^^^^^^^^^^^^^^^^^^^^^^^^^^^^^^^^^^^^^^^
   |
   = help: `(a1, a0, a2) < (b1, b0, b2)` is the same comparison

error: compare tuples instead of spelling out a lexicographic comparison of 3 elements
  --> $DIR/manual_lexicographic_cmp.rs:31:13
   |
LL |     let _ = a1 > b1 || (a1 == b1 && a0 > b0) || (a1 == b1 && a0 == b0 && a2 > b2);
   |             ^^^^^^^^^^^^^^^^^^^^^^^^^^^^^^^^^^^^^^^^^^^^^^^^^^^^^^^^^^^^^^^^^^^^^
   |
   = help: `(a1, a0, a2) > (b1, b0, b2)` is the same comparison

error: compare tuples instead of spelling out a lexicographic comparison of 2 elements
  --> $DIR/manual_lexicographic_cmp.rs:33:13
   |
LL |     let _ = p.hi < q.hi || p.hi == q.hi && p.lo < q.lo;
   |             ^^^^^^^^^^^^^^^^^^^^^^^^^^^^^^^^^^^^^^^^^^
   |
   = help: `(p.hi, p.lo) < (q.hi, q.lo)` is the same comparison

error: compare tuples instead of spelling out a lexicographic comparison of 2 elements
  --> $DIR/manual_lexicographic_cmp.rs:34:13
   |
LL |     let _ = xs[0] < ys[0] || xs[0] == ys[0] && xs[1] < ys[1];
   |             ^^^^^^^^^^^^^^^^^^^^^^^^^^^^^^^^^^^^^^^^^^^^^^^^
   |
   = help: `(xs[0], xs[1]) < (ys[0], ys[1])` is the same comparison

error: aborting due to 10 previous errors

