error: use `square()` (or `square_assign()`) instead of multiplying a value by itself
  --> $DIR/use_square.rs:10:13
   |
LL |     let _ = &x * &x;
   |             ^^^^^^^
   |
   = note: `#[deny(use_square)]` on by default

error: use `square()` instead of `pow(2)`
  --> $DIR/use_square.rs:12:13
   |
LL |     let _ = (&x).pow(2);
   |             ^^^^^^^^^^^

error: use `square_assign()` instead of `pow_assign(2)`
  --> $DIR/use_square.rs:14:5
   |
LL |     q.pow_assign(2u64);
   |     ^^^^^^^^^^^^^^^^^^

error: use `square()` (or `square_assign()`) instead of multiplying a value by itself
  --> $DIR/use_square.rs:23:13
   |
LL |     let _ = &g * &g;
   |             ^^^^^^^

error: use `square()` (or `square_assign()`) instead of multiplying a value by itself
  --> $DIR/use_square.rs:24:13
   |
LL |     let _ = &h * &h;
   |             ^^^^^^^

error: aborting due to 5 previous errors

