error: this mask is one less than a power of 2; use `mod_power_of_2(3)` instead
  --> $DIR/use_mod_power_of_2.rs:21:13
   |
LL |     let _ = x & 7;
   |             ^^^^^
   |
   = note: `#[deny(use_mod_power_of_2)]` on by default

error: this mask is one less than a power of 2; use `mod_power_of_2(16)` instead
  --> $DIR/use_mod_power_of_2.rs:22:13
   |
LL |     let _ = 0xffff & x;
   |             ^^^^^^^^^^

error: this mask is one less than a power of 2; use `mod_power_of_2(6)` instead
  --> $DIR/use_mod_power_of_2.rs:23:13
   |
LL |     let _ = x & 0x3f == 5;
   |             ^^^^^^^^

error: this mask is one less than a power of 2; use `mod_power_of_2_assign(4)` instead
  --> $DIR/use_mod_power_of_2.rs:25:5
   |
LL |     y &= 15;
   |     ^^^^^^^

error: this mask is one less than a power of 2; use `mod_power_of_2(2)` instead
  --> $DIR/use_mod_power_of_2.rs:27:13
   |
LL |     let _ = &n & &THREE;
   |             ^^^^^^^^^^^

error: aborting due to 5 previous errors

